Component: ARM Compiler 5.06 update 1 (build 61) Tool: armlink [4d35a8]

==============================================================================

Section Cross References

    main.o(i.GPIOPortJ_Handler) refers to main.o(.data) for .data
    main.o(i.Timer1A_Handler) refers to main.o(.data) for .data
    main.o(i.Timer2A_Handler) refers to gpio.o(i.portN_Output) for portN_Output
    main.o(i.Timer2A_Handler) refers to main.o(.data) for .data
    main.o(i.awaiting_state) refers to teclado.o(i.check_key_pressed) for check_key_pressed
    main.o(i.awaiting_state) refers to teclado.o(i.dig_index) for dig_index
    main.o(i.awaiting_state) refers to main.o(i.ativaDesativaInterrupcaoTimer) for ativaDesativaInterrupcaoTimer
    main.o(i.awaiting_state) refers to display.o(i.move_lcd_cursor) for move_lcd_cursor
    main.o(i.awaiting_state) refers to display.o(i.write_lcd_string) for write_lcd_string
    main.o(i.awaiting_state) refers to display.o(i.write_lcd_digit) for write_lcd_digit
    main.o(i.awaiting_state) refers to main.o(.data) for .data
    main.o(i.end_state) refers to display.o(i.move_lcd_cursor) for move_lcd_cursor
    main.o(i.end_state) refers to display.o(i.write_lcd_string) for write_lcd_string
    main.o(i.end_state) refers to main.o(i.led_output) for led_output
    main.o(i.end_state) refers to teclado.o(i.check_key_pressed) for check_key_pressed
    main.o(i.end_state) refers to teclado.o(i.clear_key_pressed) for clear_key_pressed
    main.o(i.end_state) refers to main.o(.data) for .data
    main.o(i.led_output) refers to gpio.o(i.portA_Output) for portA_Output
    main.o(i.led_output) refers to gpio.o(i.portQ_Output) for portQ_Output
    main.o(i.main) refers to utils.o(.text) for PLL_Init
    main.o(i.main) refers to gpio.o(i.GPIO_Init) for GPIO_Init
    main.o(i.main) refers to main.o(i.GPIO_Int_Init) for GPIO_Int_Init
    main.o(i.main) refers to main.o(i.Timer_Int_Init) for Timer_Int_Init
    main.o(i.main) refers to main.o(i.TimerMotor_Int_Init) for TimerMotor_Int_Init
    main.o(i.main) refers to display.o(i.lcd_init) for lcd_init
    main.o(i.main) refers to teclado.o(i.reset_keyboard) for reset_keyboard
    main.o(i.main) refers to main.o(i.led_output) for led_output
    main.o(i.main) refers to gpio.o(i.portP_Output) for portP_Output
    main.o(i.main) refers to teclado.o(i.keyboard_refresh) for keyboard_refresh
    main.o(i.main) refers to main.o(i.end_state) for end_state
    main.o(i.main) refers to main.o(i.awaiting_state) for awaiting_state
    main.o(i.main) refers to main.o(i.spin_state) for spin_state
    main.o(i.main) refers to main.o(.data) for .data
    main.o(i.meioPassoMotor) refers to gpio.o(i.portH_Output) for portH_Output
    main.o(i.meioPassoMotor) refers to utils.o(.text) for SysTick_Wait1ms
    main.o(i.meioPassoMotor) refers to main.o(.constdata) for .constdata
    main.o(i.meioPassoMotor) refers to main.o(.data) for .data
    main.o(i.passoCompletoMotor) refers to gpio.o(i.portH_Output) for portH_Output
    main.o(i.passoCompletoMotor) refers to utils.o(.text) for SysTick_Wait1ms
    main.o(i.passoCompletoMotor) refers to main.o(.constdata) for .constdata
    main.o(i.passoCompletoMotor) refers to main.o(.data) for .data
    main.o(i.spin_state) refers to main.o(i.ativaDesativaInterrupcaoTimer) for ativaDesativaInterrupcaoTimer
    main.o(i.spin_state) refers to gpio.o(i.portN_Output) for portN_Output
    main.o(i.spin_state) refers to teclado.o(i.clear_key_pressed) for clear_key_pressed
    main.o(i.spin_state) refers to display.o(i.move_lcd_cursor) for move_lcd_cursor
    main.o(i.spin_state) refers to display.o(i.write_lcd_string) for write_lcd_string
    main.o(i.spin_state) refers to display.o(i.write_lcd_digit) for write_lcd_digit
    main.o(i.spin_state) refers to main.o(i.passoCompletoMotor) for passoCompletoMotor
    main.o(i.spin_state) refers to main.o(i.led_output) for led_output
    main.o(i.spin_state) refers to main.o(i.meioPassoMotor) for meioPassoMotor
    main.o(i.spin_state) refers to main.o(.data) for .data
    startup.o(STACK) refers (Special) to heapauxi.o(.text) for __use_two_region_memory
    startup.o(HEAP) refers (Special) to heapauxi.o(.text) for __use_two_region_memory
    startup.o(RESET) refers (Special) to heapauxi.o(.text) for __use_two_region_memory
    startup.o(RESET) refers to startup.o(STACK) for StackMem
    startup.o(RESET) refers to main.o(i.Timer1A_Handler) for Timer1A_Handler
    startup.o(RESET) refers to main.o(i.Timer2A_Handler) for Timer2A_Handler
    startup.o(RESET) refers to main.o(i.GPIOPortJ_Handler) for GPIOPortJ_Handler
    startup.o(RESET) refers to __main.o(!!!main) for __main
    startup.o(.text) refers (Special) to heapauxi.o(.text) for __use_two_region_memory
    startup.o(.text) refers to startup.o(HEAP) for HeapMem
    startup.o(.text) refers to startup.o(STACK) for StackMem
    display.o(i.lcd_init) refers to display.o(i.write_lcd) for write_lcd
    display.o(i.move_lcd_cursor) refers to display.o(i.write_lcd) for write_lcd
    display.o(i.write_lcd) refers to gpio.o(i.portK_Output_Config) for portK_Output_Config
    display.o(i.write_lcd) refers to utils.o(.text) for SysTick_Wait1us
    display.o(i.write_lcd) refers to gpio.o(i.portK_Output) for portK_Output
    display.o(i.write_lcd) refers to gpio.o(i.portM_Output) for portM_Output
    display.o(i.write_lcd) refers to gpio.o(i.portK_Input) for portK_Input
    display.o(i.write_lcd_digit) refers to display.o(i.write_lcd) for write_lcd
    display.o(i.write_lcd_string) refers to display.o(i.write_lcd) for write_lcd
    teclado.o(i.check_key_pressed) refers to teclado.o(.bss) for .bss
    teclado.o(i.clear_key_pressed) refers to teclado.o(.bss) for .bss
    teclado.o(i.keyboard_refresh) refers to gpio.o(i.enable_keyboard_columns) for enable_keyboard_columns
    teclado.o(i.keyboard_refresh) refers to utils.o(.text) for SysTick_Wait1us
    teclado.o(i.keyboard_refresh) refers to gpio.o(i.read_lines) for read_lines
    teclado.o(i.keyboard_refresh) refers to teclado.o(i.refresh_key) for refresh_key
    teclado.o(i.keyboard_refresh) refers to gpio.o(i.disable_keyboard_columns) for disable_keyboard_columns
    teclado.o(i.refresh_key) refers to teclado.o(.bss) for .bss
    teclado.o(i.reset_keyboard) refers to teclado.o(.bss) for .bss
    __main.o(!!!main) refers to __rtentry.o(.ARM.Collect$$rtentry$$00000000) for __rt_entry
    __rtentry.o(.ARM.Collect$$rtentry$$00000000) refers (Special) to __rtentry2.o(.ARM.Collect$$rtentry$$0000000A) for __rt_entry_li
    __rtentry.o(.ARM.Collect$$rtentry$$00000000) refers (Special) to __rtentry2.o(.ARM.Collect$$rtentry$$0000000D) for __rt_entry_main
    __rtentry.o(.ARM.Collect$$rtentry$$00000000) refers (Special) to __rtentry2.o(.ARM.Collect$$rtentry$$0000000C) for __rt_entry_postli_1
    __rtentry.o(.ARM.Collect$$rtentry$$00000000) refers (Special) to __rtentry2.o(.ARM.Collect$$rtentry$$00000009) for __rt_entry_postsh_1
    __rtentry.o(.ARM.Collect$$rtentry$$00000000) refers (Special) to __rtentry2.o(.ARM.Collect$$rtentry$$00000002) for __rt_entry_presh_1
    __rtentry.o(.ARM.Collect$$rtentry$$00000000) refers (Special) to __rtentry4.o(.ARM.Collect$$rtentry$$00000004) for __rt_entry_sh
    __rtentry2.o(.ARM.Collect$$rtentry$$00000008) refers to boardinit2.o(.text) for _platform_post_stackheap_init
    __rtentry2.o(.ARM.Collect$$rtentry$$0000000A) refers to libinit.o(.ARM.Collect$$libinit$$00000000) for __rt_lib_init
    __rtentry2.o(.ARM.Collect$$rtentry$$0000000B) refers to boardinit3.o(.text) for _platform_post_lib_init
    __rtentry2.o(.ARM.Collect$$rtentry$$0000000D) refers to main.o(i.main) for main
    __rtentry2.o(.ARM.Collect$$rtentry$$0000000D) refers to exit.o(.text) for exit
    __rtentry2.o(.ARM.exidx) refers to __rtentry2.o(.ARM.Collect$$rtentry$$00000001) for .ARM.Collect$$rtentry$$00000001
    __rtentry2.o(.ARM.exidx) refers to __rtentry2.o(.ARM.Collect$$rtentry$$00000008) for .ARM.Collect$$rtentry$$00000008
    __rtentry2.o(.ARM.exidx) refers to __rtentry2.o(.ARM.Collect$$rtentry$$0000000A) for .ARM.Collect$$rtentry$$0000000A
    __rtentry2.o(.ARM.exidx) refers to __rtentry2.o(.ARM.Collect$$rtentry$$0000000B) for .ARM.Collect$$rtentry$$0000000B
    __rtentry2.o(.ARM.exidx) refers to __rtentry2.o(.ARM.Collect$$rtentry$$0000000D) for .ARM.Collect$$rtentry$$0000000D
    __rtentry4.o(.ARM.Collect$$rtentry$$00000004) refers to sys_stackheap_outer.o(.text) for __user_setup_stackheap
    __rtentry4.o(.ARM.exidx) refers to __rtentry4.o(.ARM.Collect$$rtentry$$00000004) for .ARM.Collect$$rtentry$$00000004
    sys_stackheap_outer.o(.text) refers to libspace.o(.text) for __user_perproc_libspace
    sys_stackheap_outer.o(.text) refers to startup.o(.text) for __user_initial_stackheap
    exit.o(.text) refers to rtexit.o(.ARM.Collect$$rtexit$$00000000) for __rt_exit
    libinit.o(.ARM.Collect$$libinit$$00000000) refers (Special) to libinit2.o(.ARM.Collect$$libinit$$0000002E) for __rt_lib_init_alloca_1
    libinit.o(.ARM.Collect$$libinit$$00000000) refers (Special) to libinit2.o(.ARM.Collect$$libinit$$0000002C) for __rt_lib_init_argv_1
    libinit.o(.ARM.Collect$$libinit$$00000000) refers (Special) to libinit2.o(.ARM.Collect$$libinit$$0000001B) for __rt_lib_init_atexit_1
    libinit.o(.ARM.Collect$$libinit$$00000000) refers (Special) to libinit2.o(.ARM.Collect$$libinit$$00000021) for __rt_lib_init_clock_1
    libinit.o(.ARM.Collect$$libinit$$00000000) refers (Special) to libinit2.o(.ARM.Collect$$libinit$$00000032) for __rt_lib_init_cpp_1
    libinit.o(.ARM.Collect$$libinit$$00000000) refers (Special) to libinit2.o(.ARM.Collect$$libinit$$00000030) for __rt_lib_init_exceptions_1
    libinit.o(.ARM.Collect$$libinit$$00000000) refers (Special) to libinit2.o(.ARM.Collect$$libinit$$00000001) for __rt_lib_init_fp_1
    libinit.o(.ARM.Collect$$libinit$$00000000) refers (Special) to libinit2.o(.ARM.Collect$$libinit$$0000001F) for __rt_lib_init_fp_trap_1
    libinit.o(.ARM.Collect$$libinit$$00000000) refers (Special) to libinit2.o(.ARM.Collect$$libinit$$00000023) for __rt_lib_init_getenv_1
    libinit.o(.ARM.Collect$$libinit$$00000000) refers (Special) to libinit2.o(.ARM.Collect$$libinit$$0000000A) for __rt_lib_init_heap_1
    libinit.o(.ARM.Collect$$libinit$$00000000) refers (Special) to libinit2.o(.ARM.Collect$$libinit$$00000011) for __rt_lib_init_lc_collate_1
    libinit.o(.ARM.Collect$$libinit$$00000000) refers (Special) to libinit2.o(.ARM.Collect$$libinit$$00000013) for __rt_lib_init_lc_ctype_1
    libinit.o(.ARM.Collect$$libinit$$00000000) refers (Special) to libinit2.o(.ARM.Collect$$libinit$$00000015) for __rt_lib_init_lc_monetary_1
    libinit.o(.ARM.Collect$$libinit$$00000000) refers (Special) to libinit2.o(.ARM.Collect$$libinit$$00000017) for __rt_lib_init_lc_numeric_1
    libinit.o(.ARM.Collect$$libinit$$00000000) refers (Special) to libinit2.o(.ARM.Collect$$libinit$$00000019) for __rt_lib_init_lc_time_1
    libinit.o(.ARM.Collect$$libinit$$00000000) refers (Special) to libinit2.o(.ARM.Collect$$libinit$$00000004) for __rt_lib_init_preinit_1
    libinit.o(.ARM.Collect$$libinit$$00000000) refers (Special) to libinit2.o(.ARM.Collect$$libinit$$0000000E) for __rt_lib_init_rand_1
    libinit.o(.ARM.Collect$$libinit$$00000000) refers (Special) to libinit2.o(.ARM.Collect$$libinit$$00000033) for __rt_lib_init_return
    libinit.o(.ARM.Collect$$libinit$$00000000) refers (Special) to libinit2.o(.ARM.Collect$$libinit$$0000001D) for __rt_lib_init_signal_1
    libinit.o(.ARM.Collect$$libinit$$00000000) refers (Special) to libinit2.o(.ARM.Collect$$libinit$$00000025) for __rt_lib_init_stdio_1
    libinit.o(.ARM.Collect$$libinit$$00000000) refers (Special) to libinit2.o(.ARM.Collect$$libinit$$0000000C) for __rt_lib_init_user_alloc_1
    libspace.o(.text) refers to libspace.o(.bss) for __libspace_start
    rtexit.o(.ARM.Collect$$rtexit$$00000000) refers (Special) to rtexit2.o(.ARM.Collect$$rtexit$$00000004) for __rt_exit_exit
    rtexit.o(.ARM.Collect$$rtexit$$00000000) refers (Special) to rtexit2.o(.ARM.Collect$$rtexit$$00000003) for __rt_exit_ls
    rtexit.o(.ARM.Collect$$rtexit$$00000000) refers (Special) to rtexit2.o(.ARM.Collect$$rtexit$$00000002) for __rt_exit_prels_1
    rtexit.o(.ARM.exidx) refers (Special) to rtexit2.o(.ARM.Collect$$rtexit$$00000004) for __rt_exit_exit
    rtexit.o(.ARM.exidx) refers (Special) to rtexit2.o(.ARM.Collect$$rtexit$$00000003) for __rt_exit_ls
    rtexit.o(.ARM.exidx) refers (Special) to rtexit2.o(.ARM.Collect$$rtexit$$00000002) for __rt_exit_prels_1
    rtexit.o(.ARM.exidx) refers to rtexit.o(.ARM.Collect$$rtexit$$00000000) for .ARM.Collect$$rtexit$$00000000
    libinit2.o(.ARM.Collect$$libinit$$00000001) refers to fpinit.o(x$fpl$fpinit) for _fp_init
    libinit2.o(.ARM.Collect$$libinit$$00000010) refers to libinit2.o(.ARM.Collect$$libinit$$0000000F) for .ARM.Collect$$libinit$$0000000F
    libinit2.o(.ARM.Collect$$libinit$$00000012) refers to libinit2.o(.ARM.Collect$$libinit$$0000000F) for .ARM.Collect$$libinit$$0000000F
    libinit2.o(.ARM.Collect$$libinit$$00000014) refers to libinit2.o(.ARM.Collect$$libinit$$0000000F) for .ARM.Collect$$libinit$$0000000F
    libinit2.o(.ARM.Collect$$libinit$$00000016) refers to libinit2.o(.ARM.Collect$$libinit$$0000000F) for .ARM.Collect$$libinit$$0000000F
    libinit2.o(.ARM.Collect$$libinit$$00000018) refers to libinit2.o(.ARM.Collect$$libinit$$0000000F) for .ARM.Collect$$libinit$$0000000F
    libinit2.o(.ARM.Collect$$libinit$$00000026) refers to argv_veneer.o(.emb_text) for __ARM_argv_veneer
    libinit2.o(.ARM.Collect$$libinit$$00000027) refers to argv_veneer.o(.emb_text) for __ARM_argv_veneer
    rtexit2.o(.ARM.Collect$$rtexit$$00000003) refers to libshutdown.o(.ARM.Collect$$libshutdown$$00000000) for __rt_lib_shutdown
    rtexit2.o(.ARM.Collect$$rtexit$$00000004) refers to sys_exit.o(.text) for _sys_exit
    rtexit2.o(.ARM.exidx) refers to rtexit2.o(.ARM.Collect$$rtexit$$00000001) for .ARM.Collect$$rtexit$$00000001
    rtexit2.o(.ARM.exidx) refers to rtexit2.o(.ARM.Collect$$rtexit$$00000003) for .ARM.Collect$$rtexit$$00000003
    rtexit2.o(.ARM.exidx) refers to rtexit2.o(.ARM.Collect$$rtexit$$00000004) for .ARM.Collect$$rtexit$$00000004
    argv_veneer.o(.emb_text) refers to no_argv.o(.text) for __ARM_get_argv
    sys_exit.o(.text) refers (Special) to use_no_semi.o(.text) for __I$use$semihosting
    sys_exit.o(.text) refers (Special) to indicate_semi.o(.text) for __semihosting_library_function
    _get_argv_nomalloc.o(.text) refers (Special) to hrguard.o(.text) for __heap_region$guard
    _get_argv_nomalloc.o(.text) refers to defsig_rtmem_outer.o(.text) for __rt_SIGRTMEM
    _get_argv_nomalloc.o(.text) refers to sys_command.o(.text) for _sys_command_string
    libshutdown.o(.ARM.Collect$$libshutdown$$00000000) refers (Special) to libshutdown2.o(.ARM.Collect$$libshutdown$$00000002) for __rt_lib_shutdown_cpp_1
    libshutdown.o(.ARM.Collect$$libshutdown$$00000000) refers (Special) to libshutdown2.o(.ARM.Collect$$libshutdown$$00000007) for __rt_lib_shutdown_fp_trap_1
    libshutdown.o(.ARM.Collect$$libshutdown$$00000000) refers (Special) to libshutdown2.o(.ARM.Collect$$libshutdown$$0000000F) for __rt_lib_shutdown_heap_1
    libshutdown.o(.ARM.Collect$$libshutdown$$00000000) refers (Special) to libshutdown2.o(.ARM.Collect$$libshutdown$$00000010) for __rt_lib_shutdown_return
    libshutdown.o(.ARM.Collect$$libshutdown$$00000000) refers (Special) to libshutdown2.o(.ARM.Collect$$libshutdown$$0000000A) for __rt_lib_shutdown_signal_1
    libshutdown.o(.ARM.Collect$$libshutdown$$00000000) refers (Special) to libshutdown2.o(.ARM.Collect$$libshutdown$$00000004) for __rt_lib_shutdown_stdio_1
    libshutdown.o(.ARM.Collect$$libshutdown$$00000000) refers (Special) to libshutdown2.o(.ARM.Collect$$libshutdown$$0000000C) for __rt_lib_shutdown_user_alloc_1
    sys_command.o(.text) refers (Special) to use_no_semi.o(.text) for __I$use$semihosting
    sys_command.o(.text) refers (Special) to indicate_semi.o(.text) for __semihosting_library_function
    defsig_rtmem_outer.o(.text) refers to defsig_rtmem_inner.o(.text) for __rt_SIGRTMEM_inner
    defsig_rtmem_outer.o(.text) refers to defsig_exit.o(.text) for __sig_exit
    defsig_rtmem_formal.o(.text) refers to rt_raise.o(.text) for __rt_raise
    rt_raise.o(.text) refers to __raise.o(.text) for __raise
    rt_raise.o(.text) refers to sys_exit.o(.text) for _sys_exit
    defsig_exit.o(.text) refers to sys_exit.o(.text) for _sys_exit
    defsig_rtmem_inner.o(.text) refers to defsig_general.o(.text) for __default_signal_display
    __raise.o(.text) refers to defsig.o(CL$$defsig) for __default_signal_handler
    defsig_general.o(.text) refers to sys_wrch.o(.text) for _ttywrch
    sys_wrch.o(.text) refers (Special) to use_no_semi.o(.text) for __I$use$semihosting
    sys_wrch.o(.text) refers (Special) to indicate_semi.o(.text) for __semihosting_library_function
    defsig.o(CL$$defsig) refers to defsig_rtmem_inner.o(.text) for __rt_SIGRTMEM_inner
    defsig_abrt_inner.o(.text) refers to defsig_general.o(.text) for __default_signal_display
    defsig_fpe_inner.o(.text) refers to defsig_general.o(.text) for __default_signal_display
    defsig_rtred_inner.o(.text) refers to defsig_general.o(.text) for __default_signal_display
    defsig_stak_inner.o(.text) refers to defsig_general.o(.text) for __default_signal_display
    defsig_pvfn_inner.o(.text) refers to defsig_general.o(.text) for __default_signal_display
    defsig_cppl_inner.o(.text) refers to defsig_general.o(.text) for __default_signal_display
    defsig_segv_inner.o(.text) refers to defsig_general.o(.text) for __default_signal_display
    defsig_other.o(.text) refers to defsig_general.o(.text) for __default_signal_display


==============================================================================

Image Symbol Table

    Local Symbols

    Symbol Name                              Value     Ov Type        Size  Object(Section)

    RESET                                    0x00000000   Section      560  startup.o(RESET)
    ../clib/angel/boardlib.s                 0x00000000   Number         0  boardshut.o ABSOLUTE
    ../clib/angel/boardlib.s                 0x00000000   Number         0  boardinit2.o ABSOLUTE
    ../clib/angel/boardlib.s                 0x00000000   Number         0  boardinit3.o ABSOLUTE
    ../clib/angel/boardlib.s                 0x00000000   Number         0  boardinit1.o ABSOLUTE
    ../clib/angel/handlers.s                 0x00000000   Number         0  __scatter_copy.o ABSOLUTE
    ../clib/angel/handlers.s                 0x00000000   Number         0  __scatter_zi.o ABSOLUTE
    ../clib/angel/kernel.s                   0x00000000   Number         0  __rtentry2.o ABSOLUTE
    ../clib/angel/kernel.s                   0x00000000   Number         0  __rtentry4.o ABSOLUTE
    ../clib/angel/kernel.s                   0x00000000   Number         0  __rtentry.o ABSOLUTE
    ../clib/angel/kernel.s                   0x00000000   Number         0  rtexit2.o ABSOLUTE
    ../clib/angel/kernel.s                   0x00000000   Number         0  rtexit.o ABSOLUTE
    ../clib/angel/rt.s                       0x00000000   Number         0  rt_raise.o ABSOLUTE
    ../clib/angel/scatter.s                  0x00000000   Number         0  __scatter.o ABSOLUTE
    ../clib/angel/startup.s                  0x00000000   Number         0  __main.o ABSOLUTE
    ../clib/angel/sys.s                      0x00000000   Number         0  libspace.o ABSOLUTE
    ../clib/angel/sys.s                      0x00000000   Number         0  use_no_semi.o ABSOLUTE
    ../clib/angel/sys.s                      0x00000000   Number         0  indicate_semi.o ABSOLUTE
    ../clib/angel/sys.s                      0x00000000   Number         0  sys_stackheap_outer.o ABSOLUTE
    ../clib/angel/sysapp.c                   0x00000000   Number         0  sys_exit.o ABSOLUTE
    ../clib/angel/sysapp.c                   0x00000000   Number         0  sys_wrch.o ABSOLUTE
    ../clib/angel/sysapp.c                   0x00000000   Number         0  sys_command.o ABSOLUTE
    ../clib/armsys.c                         0x00000000   Number         0  argv_veneer.o ABSOLUTE
    ../clib/armsys.c                         0x00000000   Number         0  argv_veneer.o ABSOLUTE
    ../clib/armsys.c                         0x00000000   Number         0  no_argv.o ABSOLUTE
    ../clib/armsys.c                         0x00000000   Number         0  _get_argv_nomalloc.o ABSOLUTE
    ../clib/heapalloc.c                      0x00000000   Number         0  hrguard.o ABSOLUTE
    ../clib/heapaux.c                        0x00000000   Number         0  heapauxi.o ABSOLUTE
    ../clib/libinit.s                        0x00000000   Number         0  libinit.o ABSOLUTE
    ../clib/libinit.s                        0x00000000   Number         0  libshutdown2.o ABSOLUTE
    ../clib/libinit.s                        0x00000000   Number         0  libinit2.o ABSOLUTE
    ../clib/libinit.s                        0x00000000   Number         0  libshutdown.o ABSOLUTE
    ../clib/signal.c                         0x00000000   Number         0  defsig_rtmem_formal.o ABSOLUTE
    ../clib/signal.c                         0x00000000   Number         0  defsig_rtmem_outer.o ABSOLUTE
    ../clib/signal.c                         0x00000000   Number         0  defsig_exit.o ABSOLUTE
    ../clib/signal.c                         0x00000000   Number         0  defsig_rtmem_inner.o ABSOLUTE
    ../clib/signal.c                         0x00000000   Number         0  __raise.o ABSOLUTE
    ../clib/signal.c                         0x00000000   Number         0  defsig_general.o ABSOLUTE
    ../clib/signal.c                         0x00000000   Number         0  defsig_segv_inner.o ABSOLUTE
    ../clib/signal.c                         0x00000000   Number         0  defsig_fpe_inner.o ABSOLUTE
    ../clib/signal.c                         0x00000000   Number         0  defsig_rtred_inner.o ABSOLUTE
    ../clib/signal.c                         0x00000000   Number         0  defsig_stak_inner.o ABSOLUTE
    ../clib/signal.c                         0x00000000   Number         0  defsig_pvfn_inner.o ABSOLUTE
    ../clib/signal.c                         0x00000000   Number         0  defsig_abrt_inner.o ABSOLUTE
    ../clib/signal.c                         0x00000000   Number         0  defsig_cppl_inner.o ABSOLUTE
    ../clib/signal.c                         0x00000000   Number         0  defsig_other.o ABSOLUTE
    ../clib/signal.s                         0x00000000   Number         0  defsig.o ABSOLUTE
    ../clib/stdlib.c                         0x00000000   Number         0  exit.o ABSOLUTE
    ../fplib/fpinit.s                        0x00000000   Number         0  fpinit.o ABSOLUTE
    dc.s                                     0x00000000   Number         0  dc.o ABSOLUTE
    display.c                                0x00000000   Number         0  display.o ABSOLUTE
    gpio.c                                   0x00000000   Number         0  gpio.o ABSOLUTE
    main.c                                   0x00000000   Number         0  main.o ABSOLUTE
    motor.c                                  0x00000000   Number         0  motor.o ABSOLUTE
    startup.s                                0x00000000   Number         0  startup.o ABSOLUTE
    teclado.c                                0x00000000   Number         0  teclado.o ABSOLUTE
    utils.s                                  0x00000000   Number         0  utils.o ABSOLUTE
    $v0                                      0x00000208   Number         0  startup.o(RESET)
    !!!main                                  0x00000230   Section        8  __main.o(!!!main)
    !!!scatter                               0x00000238   Section       52  __scatter.o(!!!scatter)
    !!handler_copy                           0x0000026c   Section       26  __scatter_copy.o(!!handler_copy)
    !!handler_zi                             0x00000288   Section       28  __scatter_zi.o(!!handler_zi)
    .ARM.Collect$$libinit$$00000000          0x000002a4   Section        2  libinit.o(.ARM.Collect$$libinit$$00000000)
    .ARM.Collect$$libinit$$00000001          0x000002a6   Section        4  libinit2.o(.ARM.Collect$$libinit$$00000001)
    .ARM.Collect$$libinit$$00000004          0x000002aa   Section        0  libinit2.o(.ARM.Collect$$libinit$$00000004)
    .ARM.Collect$$libinit$$0000000A          0x000002aa   Section        0  libinit2.o(.ARM.Collect$$libinit$$0000000A)
    .ARM.Collect$$libinit$$0000000C          0x000002aa   Section        0  libinit2.o(.ARM.Collect$$libinit$$0000000C)
    .ARM.Collect$$libinit$$0000000E          0x000002aa   Section        0  libinit2.o(.ARM.Collect$$libinit$$0000000E)
    .ARM.Collect$$libinit$$00000011          0x000002aa   Section        0  libinit2.o(.ARM.Collect$$libinit$$00000011)
    .ARM.Collect$$libinit$$00000013          0x000002aa   Section        0  libinit2.o(.ARM.Collect$$libinit$$00000013)
    .ARM.Collect$$libinit$$00000015          0x000002aa   Section        0  libinit2.o(.ARM.Collect$$libinit$$00000015)
    .ARM.Collect$$libinit$$00000017          0x000002aa   Section        0  libinit2.o(.ARM.Collect$$libinit$$00000017)
    .ARM.Collect$$libinit$$00000019          0x000002aa   Section        0  libinit2.o(.ARM.Collect$$libinit$$00000019)
    .ARM.Collect$$libinit$$0000001B          0x000002aa   Section        0  libinit2.o(.ARM.Collect$$libinit$$0000001B)
    .ARM.Collect$$libinit$$0000001D          0x000002aa   Section        0  libinit2.o(.ARM.Collect$$libinit$$0000001D)
    .ARM.Collect$$libinit$$0000001F          0x000002aa   Section        0  libinit2.o(.ARM.Collect$$libinit$$0000001F)
    .ARM.Collect$$libinit$$00000021          0x000002aa   Section        0  libinit2.o(.ARM.Collect$$libinit$$00000021)
    .ARM.Collect$$libinit$$00000023          0x000002aa   Section        0  libinit2.o(.ARM.Collect$$libinit$$00000023)
    .ARM.Collect$$libinit$$00000025          0x000002aa   Section        0  libinit2.o(.ARM.Collect$$libinit$$00000025)
    .ARM.Collect$$libinit$$0000002C          0x000002aa   Section        0  libinit2.o(.ARM.Collect$$libinit$$0000002C)
    .ARM.Collect$$libinit$$0000002E          0x000002aa   Section        0  libinit2.o(.ARM.Collect$$libinit$$0000002E)
    .ARM.Collect$$libinit$$00000030          0x000002aa   Section        0  libinit2.o(.ARM.Collect$$libinit$$00000030)
    .ARM.Collect$$libinit$$00000032          0x000002aa   Section        0  libinit2.o(.ARM.Collect$$libinit$$00000032)
    .ARM.Collect$$libinit$$00000033          0x000002aa   Section        2  libinit2.o(.ARM.Collect$$libinit$$00000033)
    .ARM.Collect$$libshutdown$$00000000      0x000002ac   Section        2  libshutdown.o(.ARM.Collect$$libshutdown$$00000000)
    .ARM.Collect$$libshutdown$$00000002      0x000002ae   Section        0  libshutdown2.o(.ARM.Collect$$libshutdown$$00000002)
    .ARM.Collect$$libshutdown$$00000004      0x000002ae   Section        0  libshutdown2.o(.ARM.Collect$$libshutdown$$00000004)
    .ARM.Collect$$libshutdown$$00000007      0x000002ae   Section        0  libshutdown2.o(.ARM.Collect$$libshutdown$$00000007)
    .ARM.Collect$$libshutdown$$0000000A      0x000002ae   Section        0  libshutdown2.o(.ARM.Collect$$libshutdown$$0000000A)
    .ARM.Collect$$libshutdown$$0000000C      0x000002ae   Section        0  libshutdown2.o(.ARM.Collect$$libshutdown$$0000000C)
    .ARM.Collect$$libshutdown$$0000000F      0x000002ae   Section        0  libshutdown2.o(.ARM.Collect$$libshutdown$$0000000F)
    .ARM.Collect$$libshutdown$$00000010      0x000002ae   Section        2  libshutdown2.o(.ARM.Collect$$libshutdown$$00000010)
    .ARM.Collect$$rtentry$$00000000          0x000002b0   Section        0  __rtentry.o(.ARM.Collect$$rtentry$$00000000)
    .ARM.Collect$$rtentry$$00000002          0x000002b0   Section        0  __rtentry2.o(.ARM.Collect$$rtentry$$00000002)
    .ARM.Collect$$rtentry$$00000004          0x000002b0   Section        6  __rtentry4.o(.ARM.Collect$$rtentry$$00000004)
    .ARM.Collect$$rtentry$$00000009          0x000002b6   Section        0  __rtentry2.o(.ARM.Collect$$rtentry$$00000009)
    .ARM.Collect$$rtentry$$0000000A          0x000002b6   Section        4  __rtentry2.o(.ARM.Collect$$rtentry$$0000000A)
    .ARM.Collect$$rtentry$$0000000C          0x000002ba   Section        0  __rtentry2.o(.ARM.Collect$$rtentry$$0000000C)
    .ARM.Collect$$rtentry$$0000000D          0x000002ba   Section        8  __rtentry2.o(.ARM.Collect$$rtentry$$0000000D)
    .ARM.Collect$$rtexit$$00000000           0x000002c2   Section        2  rtexit.o(.ARM.Collect$$rtexit$$00000000)
    .ARM.Collect$$rtexit$$00000002           0x000002c4   Section        0  rtexit2.o(.ARM.Collect$$rtexit$$00000002)
    .ARM.Collect$$rtexit$$00000003           0x000002c4   Section        4  rtexit2.o(.ARM.Collect$$rtexit$$00000003)
    .ARM.Collect$$rtexit$$00000004           0x000002c8   Section        6  rtexit2.o(.ARM.Collect$$rtexit$$00000004)
    .text                                    0x000002d0   Section       48  startup.o(.text)
    $v0                                      0x000002d0   Number         0  startup.o(.text)
    .text                                    0x00000300   Section      484  utils.o(.text)
    $v0                                      0x00000300   Number         0  utils.o(.text)
    .text                                    0x000004e4   Section        0  heapauxi.o(.text)
    .text                                    0x000004ea   Section       74  sys_stackheap_outer.o(.text)
    .text                                    0x00000534   Section        0  exit.o(.text)
    .text                                    0x00000548   Section        8  libspace.o(.text)
    .text                                    0x00000550   Section        0  sys_exit.o(.text)
    .text                                    0x0000055c   Section        2  use_no_semi.o(.text)
    .text                                    0x0000055e   Section        0  indicate_semi.o(.text)
    i.GPIOPortJ_Handler                      0x00000560   Section        0  main.o(i.GPIOPortJ_Handler)
    i.GPIO_Init                              0x00000574   Section        0  gpio.o(i.GPIO_Init)
    i.GPIO_Int_Init                          0x000006e0   Section        0  main.o(i.GPIO_Int_Init)
    GPIO_Int_Init                            0x000006e1   Thumb Code    46  main.o(i.GPIO_Int_Init)
    i.Timer1A_Handler                        0x0000071c   Section        0  main.o(i.Timer1A_Handler)
    i.Timer2A_Handler                        0x00000738   Section        0  main.o(i.Timer2A_Handler)
    i.TimerMotor_Int_Init                    0x00000760   Section        0  main.o(i.TimerMotor_Int_Init)
    TimerMotor_Int_Init                      0x00000761   Thumb Code    94  main.o(i.TimerMotor_Int_Init)
    i.Timer_Int_Init                         0x000007d8   Section        0  main.o(i.Timer_Int_Init)
    Timer_Int_Init                           0x000007d9   Thumb Code    84  main.o(i.Timer_Int_Init)
    i.ativaDesativaInterrupcaoTimer          0x00000844   Section        0  main.o(i.ativaDesativaInterrupcaoTimer)
    ativaDesativaInterrupcaoTimer            0x00000845   Thumb Code    26  main.o(i.ativaDesativaInterrupcaoTimer)
    i.awaiting_state                         0x00000864   Section        0  main.o(i.awaiting_state)
    awaiting_state                           0x00000865   Thumb Code   240  main.o(i.awaiting_state)
    i.check_key_pressed                      0x000009a0   Section        0  teclado.o(i.check_key_pressed)
    i.clear_key_pressed                      0x000009bc   Section        0  teclado.o(i.clear_key_pressed)
    i.dig_index                              0x000009d4   Section        0  teclado.o(i.dig_index)
    i.disable_keyboard_columns               0x000009fc   Section        0  gpio.o(i.disable_keyboard_columns)
    i.enable_keyboard_columns                0x00000a0c   Section        0  gpio.o(i.enable_keyboard_columns)
    i.end_state                              0x00000a30   Section        0  main.o(i.end_state)
    end_state                                0x00000a31   Thumb Code    58  main.o(i.end_state)
    i.keyboard_refresh                       0x00000a98   Section        0  teclado.o(i.keyboard_refresh)
    i.lcd_init                               0x00000ae6   Section        0  display.o(i.lcd_init)
    i.led_output                             0x00000ba4   Section        0  main.o(i.led_output)
    led_output                               0x00000ba5   Thumb Code    20  main.o(i.led_output)
    i.main                                   0x00000bb8   Section        0  main.o(i.main)
    i.meioPassoMotor                         0x00000c0c   Section        0  main.o(i.meioPassoMotor)
    meioPassoMotor                           0x00000c0d   Thumb Code    58  main.o(i.meioPassoMotor)
    i.move_lcd_cursor                        0x00000c50   Section        0  display.o(i.move_lcd_cursor)
    i.passoCompletoMotor                     0x00000c68   Section        0  main.o(i.passoCompletoMotor)
    passoCompletoMotor                       0x00000c69   Thumb Code    58  main.o(i.passoCompletoMotor)
    i.portA_Output                           0x00000cac   Section        0  gpio.o(i.portA_Output)
    i.portH_Output                           0x00000cc4   Section        0  gpio.o(i.portH_Output)
    i.portK_Input                            0x00000cdc   Section        0  gpio.o(i.portK_Input)
    i.portK_Output                           0x00000cf4   Section        0  gpio.o(i.portK_Output)
    i.portK_Output_Config                    0x00000d10   Section        0  gpio.o(i.portK_Output_Config)
    i.portM_Output                           0x00000d34   Section        0  gpio.o(i.portM_Output)
    i.portN_Output                           0x00000d4c   Section        0  gpio.o(i.portN_Output)
    i.portP_Output                           0x00000d64   Section        0  gpio.o(i.portP_Output)
    i.portQ_Output                           0x00000d7c   Section        0  gpio.o(i.portQ_Output)
    i.read_lines                             0x00000d94   Section        0  gpio.o(i.read_lines)
    i.refresh_key                            0x00000da4   Section        0  teclado.o(i.refresh_key)
    i.reset_keyboard                         0x00000e24   Section        0  teclado.o(i.reset_keyboard)
    i.spin_state                             0x00000e44   Section        0  main.o(i.spin_state)
    spin_state                               0x00000e45   Thumb Code   310  main.o(i.spin_state)
    i.write_lcd                              0x00000fc8   Section        0  display.o(i.write_lcd)
    i.write_lcd_digit                        0x00001046   Section        0  display.o(i.write_lcd_digit)
    i.write_lcd_string                       0x00001082   Section        0  display.o(i.write_lcd_string)
    x$fpl$fpinit                             0x0000109a   Section       10  fpinit.o(x$fpl$fpinit)
    $v0                                      0x0000109a   Number         0  fpinit.o(x$fpl$fpinit)
    .constdata                               0x000010a4   Section       48  main.o(.constdata)
    .data                                    0x20000000   Section       48  main.o(.data)
    state                                    0x20000000   Data           1  main.o(.data)
    numVoltas                                0x20000002   Data           2  main.o(.data)
    sentidoMotor                             0x20000004   Data           2  main.o(.data)
    velocidadeMotor                          0x20000006   Data           2  main.o(.data)
    passoCompletoAtual                       0x20000008   Data           4  main.o(.data)
    meioPassoAtual                           0x2000000c   Data           4  main.o(.data)
    ledPlaca                                 0x20000010   Data           4  main.o(.data)
    hora_de_dar_um_passo                     0x20000014   Data           4  main.o(.data)
    atualizar_display                        0x20000018   Data           4  main.o(.data)
    cancelado                                0x2000001c   Data           4  main.o(.data)
    passosDados                              0x20000020   Data           4  main.o(.data)
    valorParaAcender                         0x20000024   Data           4  main.o(.data)
    contLed                                  0x20000028   Data           4  main.o(.data)
    voltasFaltando                           0x2000002c   Data           4  main.o(.data)
    .bss                                     0x20000030   Section      128  teclado.o(.bss)
    key_states                               0x20000030   Data          64  teclado.o(.bss)
    key_pressed                              0x20000070   Data          64  teclado.o(.bss)
    .bss                                     0x200000b0   Section       96  libspace.o(.bss)
    HEAP                                     0x20000110   Section        0  startup.o(HEAP)
    STACK                                    0x20000110   Section     1024  startup.o(STACK)
    HeapMem                                  0x20000110   Data           0  startup.o(HEAP)
    StackMem                                 0x20000110   Data           0  startup.o(STACK)

    Global Symbols

    Symbol Name                              Value     Ov Type        Size  Object(Section)

    BuildAttributes$$THM_ISAv4$E$P$D$K$B$S$7EM$VFPi3$EXTD16$VFPS$VFMA$PE$A:L22UL41UL21$X:L11$S22US41US21$IEEE1$IW$USESV6$~STKCKD$USESV7$~SHL$OSPACE$ROPI$EBA8$UX$STANDARDLIB$REQ8$PRES8$EABIv2 0x00000000   Number         0  anon$$obj.o ABSOLUTE
    __ARM_use_no_argv                        0x00000000   Number         0  main.o ABSOLUTE
    __Vectors                                0x00000000   Data           0  startup.o(RESET)
    __ARM_exceptions_init                     - Undefined Weak Reference
    __alloca_initialize                       - Undefined Weak Reference
    __arm_preinit_                            - Undefined Weak Reference
    __cpp_initialize__aeabi_                  - Undefined Weak Reference
    __cxa_finalize                            - Undefined Weak Reference
    __rt_locale                               - Undefined Weak Reference
    __sigvec_lookup                           - Undefined Weak Reference
    _atexit_init                              - Undefined Weak Reference
    _call_atexit_fns                          - Undefined Weak Reference
    _clock_init                               - Undefined Weak Reference
    _fp_trap_init                             - Undefined Weak Reference
    _fp_trap_shutdown                         - Undefined Weak Reference
    _get_lc_collate                           - Undefined Weak Reference
    _get_lc_ctype                             - Undefined Weak Reference
    _get_lc_monetary                          - Undefined Weak Reference
    _get_lc_numeric                           - Undefined Weak Reference
    _get_lc_time                              - Undefined Weak Reference
    _getenv_init                              - Undefined Weak Reference
    _handle_redirection                       - Undefined Weak Reference
    _init_alloc                               - Undefined Weak Reference
    _init_user_alloc                          - Undefined Weak Reference
    _initio                                   - Undefined Weak Reference
    _rand_init                                - Undefined Weak Reference
    _signal_finish                            - Undefined Weak Reference
    _signal_init                              - Undefined Weak Reference
    _terminate_alloc                          - Undefined Weak Reference
    _terminate_user_alloc                     - Undefined Weak Reference
    _terminateio                              - Undefined Weak Reference
    Reset_Handler                            0x00000209   Thumb Code     0  startup.o(RESET)
    NMI_Handler                              0x0000021d   Thumb Code     2  startup.o(RESET)
    HardFault_Handler                        0x0000021f   Thumb Code     2  startup.o(RESET)
    MemManage_Handler                        0x00000221   Thumb Code     2  startup.o(RESET)
    BusFault_Handler                         0x00000223   Thumb Code     2  startup.o(RESET)
    UsageFault_Handler                       0x00000225   Thumb Code     2  startup.o(RESET)
    SVC_Handler                              0x00000227   Thumb Code     2  startup.o(RESET)
    DebugMon_Handler                         0x00000229   Thumb Code     2  startup.o(RESET)
    PendSV_Handler                           0x0000022b   Thumb Code     2  startup.o(RESET)
    SysTick_Handler                          0x0000022d   Thumb Code     2  startup.o(RESET)
    ADC0Seq0_Handler                         0x0000022f   Thumb Code     0  startup.o(RESET)
    ADC0Seq1_Handler                         0x0000022f   Thumb Code     0  startup.o(RESET)
    ADC0Seq2_Handler                         0x0000022f   Thumb Code     0  startup.o(RESET)
    ADC0Seq3_Handler                         0x0000022f   Thumb Code     0  startup.o(RESET)
    ADC1Seq0_Handler                         0x0000022f   Thumb Code     0  startup.o(RESET)
    ADC1Seq1_Handler                         0x0000022f   Thumb Code     0  startup.o(RESET)
    ADC1Seq2_Handler                         0x0000022f   Thumb Code     0  startup.o(RESET)
    ADC1Seq3_Handler                         0x0000022f   Thumb Code     0  startup.o(RESET)
    CAN0_Handler                             0x0000022f   Thumb Code     0  startup.o(RESET)
    CAN1_Handler                             0x0000022f   Thumb Code     0  startup.o(RESET)
    Comp0_Handler                            0x0000022f   Thumb Code     0  startup.o(RESET)
    Comp1_Handler                            0x0000022f   Thumb Code     0  startup.o(RESET)
    Comp2_Handler                            0x0000022f   Thumb Code     0  startup.o(RESET)
    Ethernet_Handler                         0x0000022f   Thumb Code     0  startup.o(RESET)
    ExtBus_Handler                           0x0000022f   Thumb Code     0  startup.o(RESET)
    FPU_Handler                              0x0000022f   Thumb Code     0  startup.o(RESET)
    FlashCtl_Handler                         0x0000022f   Thumb Code     0  startup.o(RESET)
    GPIOPortA_Handler                        0x0000022f   Thumb Code     0  startup.o(RESET)
    GPIOPortB_Handler                        0x0000022f   Thumb Code     0  startup.o(RESET)
    GPIOPortC_Handler                        0x0000022f   Thumb Code     0  startup.o(RESET)
    GPIOPortD_Handler                        0x0000022f   Thumb Code     0  startup.o(RESET)
    GPIOPortE_Handler                        0x0000022f   Thumb Code     0  startup.o(RESET)
    GPIOPortF_Handler                        0x0000022f   Thumb Code     0  startup.o(RESET)
    GPIOPortG_Handler                        0x0000022f   Thumb Code     0  startup.o(RESET)
    GPIOPortH_Handler                        0x0000022f   Thumb Code     0  startup.o(RESET)
    GPIOPortK_Handler                        0x0000022f   Thumb Code     0  startup.o(RESET)
    GPIOPortL_Handler                        0x0000022f   Thumb Code     0  startup.o(RESET)
    GPIOPortM_Handler                        0x0000022f   Thumb Code     0  startup.o(RESET)
    GPIOPortN_Handler                        0x0000022f   Thumb Code     0  startup.o(RESET)
    GPIOPortP1_Handler                       0x0000022f   Thumb Code     0  startup.o(RESET)
    GPIOPortP2_Handler                       0x0000022f   Thumb Code     0  startup.o(RESET)
    GPIOPortP3_Handler                       0x0000022f   Thumb Code     0  startup.o(RESET)
    GPIOPortP4_Handler                       0x0000022f   Thumb Code     0  startup.o(RESET)
    GPIOPortP5_Handler                       0x0000022f   Thumb Code     0  startup.o(RESET)
    GPIOPortP6_Handler                       0x0000022f   Thumb Code     0  startup.o(RESET)
    GPIOPortP7_Handler                       0x0000022f   Thumb Code     0  startup.o(RESET)
    GPIOPortP_Handler                        0x0000022f   Thumb Code     0  startup.o(RESET)
    GPIOPortQ1_Handler                       0x0000022f   Thumb Code     0  startup.o(RESET)
    GPIOPortQ2_Handler                       0x0000022f   Thumb Code     0  startup.o(RESET)
    GPIOPortQ3_Handler                       0x0000022f   Thumb Code     0  startup.o(RESET)
    GPIOPortQ4_Handler                       0x0000022f   Thumb Code     0  startup.o(RESET)
    GPIOPortQ5_Handler                       0x0000022f   Thumb Code     0  startup.o(RESET)
    GPIOPortQ6_Handler                       0x0000022f   Thumb Code     0  startup.o(RESET)
    GPIOPortQ7_Handler                       0x0000022f   Thumb Code     0  startup.o(RESET)
    GPIOPortQ_Handler                        0x0000022f   Thumb Code     0  startup.o(RESET)
    Hibernate_Handler                        0x0000022f   Thumb Code     0  startup.o(RESET)
    I2C0_Handler                             0x0000022f   Thumb Code     0  startup.o(RESET)
    I2C1_Handler                             0x0000022f   Thumb Code     0  startup.o(RESET)
    I2C2_Handler                             0x0000022f   Thumb Code     0  startup.o(RESET)
    I2C3_Handler                             0x0000022f   Thumb Code     0  startup.o(RESET)
    I2C4_Handler                             0x0000022f   Thumb Code     0  startup.o(RESET)
    I2C5_Handler                             0x0000022f   Thumb Code     0  startup.o(RESET)
    I2C6_Handler                             0x0000022f   Thumb Code     0  startup.o(RESET)
    I2C7_Handler                             0x0000022f   Thumb Code     0  startup.o(RESET)
    I2C8_Handler                             0x0000022f   Thumb Code     0  startup.o(RESET)
    I2C9_Handler                             0x0000022f   Thumb Code     0  startup.o(RESET)
    PWM0Fault_Handler                        0x0000022f   Thumb Code     0  startup.o(RESET)
    PWM0Generator0_Handler                   0x0000022f   Thumb Code     0  startup.o(RESET)
    PWM0Generator1_Handler                   0x0000022f   Thumb Code     0  startup.o(RESET)
    PWM0Generator2_Handler                   0x0000022f   Thumb Code     0  startup.o(RESET)
    PWM0Generator3_Handler                   0x0000022f   Thumb Code     0  startup.o(RESET)
    Quadrature0_Handler                      0x0000022f   Thumb Code     0  startup.o(RESET)
    SSI0_Handler                             0x0000022f   Thumb Code     0  startup.o(RESET)
    SSI1_Handler                             0x0000022f   Thumb Code     0  startup.o(RESET)
    SSI2_Handler                             0x0000022f   Thumb Code     0  startup.o(RESET)
    SSI3_Handler                             0x0000022f   Thumb Code     0  startup.o(RESET)
    SysCtl_Handler                           0x0000022f   Thumb Code     0  startup.o(RESET)
    Tamper_Handler                           0x0000022f   Thumb Code     0  startup.o(RESET)
    Timer0A_Handler                          0x0000022f   Thumb Code     0  startup.o(RESET)
    Timer0B_Handler                          0x0000022f   Thumb Code     0  startup.o(RESET)
    Timer1B_Handler                          0x0000022f   Thumb Code     0  startup.o(RESET)
    Timer2B_Handler                          0x0000022f   Thumb Code     0  startup.o(RESET)
    Timer3A_Handler                          0x0000022f   Thumb Code     0  startup.o(RESET)
    Timer3B_Handler                          0x0000022f   Thumb Code     0  startup.o(RESET)
    Timer4A_Handler                          0x0000022f   Thumb Code     0  startup.o(RESET)
    Timer4B_Handler                          0x0000022f   Thumb Code     0  startup.o(RESET)
    Timer5A_Handler                          0x0000022f   Thumb Code     0  startup.o(RESET)
    Timer5B_Handler                          0x0000022f   Thumb Code     0  startup.o(RESET)
    Timer6A_Handler                          0x0000022f   Thumb Code     0  startup.o(RESET)
    Timer6B_Handler                          0x0000022f   Thumb Code     0  startup.o(RESET)
    Timer7A_Handler                          0x0000022f   Thumb Code     0  startup.o(RESET)
    Timer7B_Handler                          0x0000022f   Thumb Code     0  startup.o(RESET)
    UART0_Handler                            0x0000022f   Thumb Code     0  startup.o(RESET)
    UART1_Handler                            0x0000022f   Thumb Code     0  startup.o(RESET)
    UART2_Handler                            0x0000022f   Thumb Code     0  startup.o(RESET)
    UART3_Handler                            0x0000022f   Thumb Code     0  startup.o(RESET)
    UART4_Handler                            0x0000022f   Thumb Code     0  startup.o(RESET)
    UART5_Handler                            0x0000022f   Thumb Code     0  startup.o(RESET)
    UART6_Handler                            0x0000022f   Thumb Code     0  startup.o(RESET)
    UART7_Handler                            0x0000022f   Thumb Code     0  startup.o(RESET)
    USB0_Handler                             0x0000022f   Thumb Code     0  startup.o(RESET)
    WDT_Handler                              0x0000022f   Thumb Code     0  startup.o(RESET)
    uDMA_Error                               0x0000022f   Thumb Code     0  startup.o(RESET)
    uDMA_Handler                             0x0000022f   Thumb Code     0  startup.o(RESET)
    __main                                   0x00000231   Thumb Code     8  __main.o(!!!main)
    __scatterload                            0x00000239   Thumb Code     0  __scatter.o(!!!scatter)
    __scatterload_rt2                        0x00000239   Thumb Code    44  __scatter.o(!!!scatter)
    __scatterload_rt2_thumb_only             0x00000239   Thumb Code     0  __scatter.o(!!!scatter)
    __scatterload_null                       0x00000247   Thumb Code     0  __scatter.o(!!!scatter)
    __scatterload_copy                       0x0000026d   Thumb Code    26  __scatter_copy.o(!!handler_copy)
    __scatterload_zeroinit                   0x00000289   Thumb Code    28  __scatter_zi.o(!!handler_zi)
    __rt_lib_init                            0x000002a5   Thumb Code     0  libinit.o(.ARM.Collect$$libinit$$00000000)
    __rt_lib_init_fp_1                       0x000002a7   Thumb Code     0  libinit2.o(.ARM.Collect$$libinit$$00000001)
    __rt_lib_init_alloca_1                   0x000002ab   Thumb Code     0  libinit2.o(.ARM.Collect$$libinit$$0000002E)
    __rt_lib_init_argv_1                     0x000002ab   Thumb Code     0  libinit2.o(.ARM.Collect$$libinit$$0000002C)
    __rt_lib_init_atexit_1                   0x000002ab   Thumb Code     0  libinit2.o(.ARM.Collect$$libinit$$0000001B)
    __rt_lib_init_clock_1                    0x000002ab   Thumb Code     0  libinit2.o(.ARM.Collect$$libinit$$00000021)
    __rt_lib_init_cpp_1                      0x000002ab   Thumb Code     0  libinit2.o(.ARM.Collect$$libinit$$00000032)
    __rt_lib_init_exceptions_1               0x000002ab   Thumb Code     0  libinit2.o(.ARM.Collect$$libinit$$00000030)
    __rt_lib_init_fp_trap_1                  0x000002ab   Thumb Code     0  libinit2.o(.ARM.Collect$$libinit$$0000001F)
    __rt_lib_init_getenv_1                   0x000002ab   Thumb Code     0  libinit2.o(.ARM.Collect$$libinit$$00000023)
    __rt_lib_init_heap_1                     0x000002ab   Thumb Code     0  libinit2.o(.ARM.Collect$$libinit$$0000000A)
    __rt_lib_init_lc_collate_1               0x000002ab   Thumb Code     0  libinit2.o(.ARM.Collect$$libinit$$00000011)
    __rt_lib_init_lc_ctype_1                 0x000002ab   Thumb Code     0  libinit2.o(.ARM.Collect$$libinit$$00000013)
    __rt_lib_init_lc_monetary_1              0x000002ab   Thumb Code     0  libinit2.o(.ARM.Collect$$libinit$$00000015)
    __rt_lib_init_lc_numeric_1               0x000002ab   Thumb Code     0  libinit2.o(.ARM.Collect$$libinit$$00000017)
    __rt_lib_init_lc_time_1                  0x000002ab   Thumb Code     0  libinit2.o(.ARM.Collect$$libinit$$00000019)
    __rt_lib_init_preinit_1                  0x000002ab   Thumb Code     0  libinit2.o(.ARM.Collect$$libinit$$00000004)
    __rt_lib_init_rand_1                     0x000002ab   Thumb Code     0  libinit2.o(.ARM.Collect$$libinit$$0000000E)
    __rt_lib_init_return                     0x000002ab   Thumb Code     0  libinit2.o(.ARM.Collect$$libinit$$00000033)
    __rt_lib_init_signal_1                   0x000002ab   Thumb Code     0  libinit2.o(.ARM.Collect$$libinit$$0000001D)
    __rt_lib_init_stdio_1                    0x000002ab   Thumb Code     0  libinit2.o(.ARM.Collect$$libinit$$00000025)
    __rt_lib_init_user_alloc_1               0x000002ab   Thumb Code     0  libinit2.o(.ARM.Collect$$libinit$$0000000C)
    __rt_lib_shutdown                        0x000002ad   Thumb Code     0  libshutdown.o(.ARM.Collect$$libshutdown$$00000000)
    __rt_lib_shutdown_cpp_1                  0x000002af   Thumb Code     0  libshutdown2.o(.ARM.Collect$$libshutdown$$00000002)
    __rt_lib_shutdown_fp_trap_1              0x000002af   Thumb Code     0  libshutdown2.o(.ARM.Collect$$libshutdown$$00000007)
    __rt_lib_shutdown_heap_1                 0x000002af   Thumb Code     0  libshutdown2.o(.ARM.Collect$$libshutdown$$0000000F)
    __rt_lib_shutdown_return                 0x000002af   Thumb Code     0  libshutdown2.o(.ARM.Collect$$libshutdown$$00000010)
    __rt_lib_shutdown_signal_1               0x000002af   Thumb Code     0  libshutdown2.o(.ARM.Collect$$libshutdown$$0000000A)
    __rt_lib_shutdown_stdio_1                0x000002af   Thumb Code     0  libshutdown2.o(.ARM.Collect$$libshutdown$$00000004)
    __rt_lib_shutdown_user_alloc_1           0x000002af   Thumb Code     0  libshutdown2.o(.ARM.Collect$$libshutdown$$0000000C)
    __rt_entry                               0x000002b1   Thumb Code     0  __rtentry.o(.ARM.Collect$$rtentry$$00000000)
    __rt_entry_presh_1                       0x000002b1   Thumb Code     0  __rtentry2.o(.ARM.Collect$$rtentry$$00000002)
    __rt_entry_sh                            0x000002b1   Thumb Code     0  __rtentry4.o(.ARM.Collect$$rtentry$$00000004)
    __rt_entry_li                            0x000002b7   Thumb Code     0  __rtentry2.o(.ARM.Collect$$rtentry$$0000000A)
    __rt_entry_postsh_1                      0x000002b7   Thumb Code     0  __rtentry2.o(.ARM.Collect$$rtentry$$00000009)
    __rt_entry_main                          0x000002bb   Thumb Code     0  __rtentry2.o(.ARM.Collect$$rtentry$$0000000D)
    __rt_entry_postli_1                      0x000002bb   Thumb Code     0  __rtentry2.o(.ARM.Collect$$rtentry$$0000000C)
    __rt_exit                                0x000002c3   Thumb Code     0  rtexit.o(.ARM.Collect$$rtexit$$00000000)
    __rt_exit_ls                             0x000002c5   Thumb Code     0  rtexit2.o(.ARM.Collect$$rtexit$$00000003)
    __rt_exit_prels_1                        0x000002c5   Thumb Code     0  rtexit2.o(.ARM.Collect$$rtexit$$00000002)
    __rt_exit_exit                           0x000002c9   Thumb Code     0  rtexit2.o(.ARM.Collect$$rtexit$$00000004)
    DisableInterrupts                        0x000002d1   Thumb Code     0  startup.o(.text)
    EnableInterrupts                         0x000002d5   Thumb Code     0  startup.o(.text)
    StartCritical                            0x000002d9   Thumb Code     0  startup.o(.text)
    EndCritical                              0x000002e1   Thumb Code     0  startup.o(.text)
    WaitForInterrupt                         0x000002e7   Thumb Code     0  startup.o(.text)
    __user_initial_stackheap                 0x000002eb   Thumb Code     0  startup.o(.text)
    PLL_Init                                 0x00000301   Thumb Code     0  utils.o(.text)
    SysTick_Init                             0x00000429   Thumb Code     0  utils.o(.text)
    SysTick_Wait1ms                          0x00000463   Thumb Code     0  utils.o(.text)
    SysTick_Wait1us                          0x00000475   Thumb Code     0  utils.o(.text)
    __use_two_region_memory                  0x000004e5   Thumb Code     2  heapauxi.o(.text)
    __rt_heap_escrow$2region                 0x000004e7   Thumb Code     2  heapauxi.o(.text)
    __rt_heap_expand$2region                 0x000004e9   Thumb Code     2  heapauxi.o(.text)
    __user_setup_stackheap                   0x000004eb   Thumb Code    74  sys_stackheap_outer.o(.text)
    exit                                     0x00000535   Thumb Code    18  exit.o(.text)
    __user_libspace                          0x00000549   Thumb Code     8  libspace.o(.text)
    __user_perproc_libspace                  0x00000549   Thumb Code     0  libspace.o(.text)
    __user_perthread_libspace                0x00000549   Thumb Code     0  libspace.o(.text)
    _sys_exit                                0x00000551   Thumb Code     8  sys_exit.o(.text)
    __I$use$semihosting                      0x0000055d   Thumb Code     0  use_no_semi.o(.text)
    __use_no_semihosting_swi                 0x0000055d   Thumb Code     2  use_no_semi.o(.text)
    __semihosting_library_function           0x0000055f   Thumb Code     0  indicate_semi.o(.text)
    GPIOPortJ_Handler                        0x00000561   Thumb Code    12  main.o(i.GPIOPortJ_Handler)
    GPIO_Init                                0x00000575   Thumb Code   282  gpio.o(i.GPIO_Init)
    Timer1A_Handler                          0x0000071d   Thumb Code    18  main.o(i.Timer1A_Handler)
    Timer2A_Handler                          0x00000739   Thumb Code    30  main.o(i.Timer2A_Handler)
    check_key_pressed                        0x000009a1   Thumb Code    24  teclado.o(i.check_key_pressed)
    clear_key_pressed                        0x000009bd   Thumb Code    18  teclado.o(i.clear_key_pressed)
    dig_index                                0x000009d5   Thumb Code    40  teclado.o(i.dig_index)
    disable_keyboard_columns                 0x000009fd   Thumb Code    12  gpio.o(i.disable_keyboard_columns)
    enable_keyboard_columns                  0x00000a0d   Thumb Code    32  gpio.o(i.enable_keyboard_columns)
    keyboard_refresh                         0x00000a99   Thumb Code    78  teclado.o(i.keyboard_refresh)
    lcd_init                                 0x00000ae7   Thumb Code   190  display.o(i.lcd_init)
    main                                     0x00000bb9   Thumb Code    80  main.o(i.main)
    move_lcd_cursor                          0x00000c51   Thumb Code    22  display.o(i.move_lcd_cursor)
    portA_Output                             0x00000cad   Thumb Code    18  gpio.o(i.portA_Output)
    portH_Output                             0x00000cc5   Thumb Code    18  gpio.o(i.portH_Output)
    portK_Input                              0x00000cdd   Thumb Code    18  gpio.o(i.portK_Input)
    portK_Output                             0x00000cf5   Thumb Code    22  gpio.o(i.portK_Output)
    portK_Output_Config                      0x00000d11   Thumb Code    30  gpio.o(i.portK_Output_Config)
    portM_Output                             0x00000d35   Thumb Code    18  gpio.o(i.portM_Output)
    portN_Output                             0x00000d4d   Thumb Code    18  gpio.o(i.portN_Output)
    portP_Output                             0x00000d65   Thumb Code    18  gpio.o(i.portP_Output)
    portQ_Output                             0x00000d7d   Thumb Code    18  gpio.o(i.portQ_Output)
    read_lines                               0x00000d95   Thumb Code    10  gpio.o(i.read_lines)
    refresh_key                              0x00000da5   Thumb Code   120  teclado.o(i.refresh_key)
    reset_keyboard                           0x00000e25   Thumb Code    26  teclado.o(i.reset_keyboard)
    write_lcd                                0x00000fc9   Thumb Code   126  display.o(i.write_lcd)
    write_lcd_digit                          0x00001047   Thumb Code    60  display.o(i.write_lcd_digit)
    write_lcd_string                         0x00001083   Thumb Code    24  display.o(i.write_lcd_string)
    _fp_init                                 0x0000109b   Thumb Code    10  fpinit.o(x$fpl$fpinit)
    __fplib_config_fpu_vfp                   0x000010a3   Thumb Code     0  fpinit.o(x$fpl$fpinit)
    __fplib_config_pureend_doubles           0x000010a3   Thumb Code     0  fpinit.o(x$fpl$fpinit)
    port_passo_completo_output               0x000010a4   Data          16  main.o(.constdata)
    meio_passo_output                        0x000010b4   Data          32  main.o(.constdata)
    Region$$Table$$Base                      0x000010d4   Number         0  anon$$obj.o(Region$$Table)
    Region$$Table$$Limit                     0x000010f4   Number         0  anon$$obj.o(Region$$Table)
    __libspace_start                         0x200000b0   Data          96  libspace.o(.bss)
    __temporary_stack_top$libspace           0x20000110   Data           0  libspace.o(.bss)



==============================================================================

Memory Map of the image

  Image Entry point : 0x00000209

  Load Region LR_1 (Base: 0x00000000, Size: 0x00001124, Max: 0xffffffff, ABSOLUTE)

    Execution Region ER_RO (Base: 0x00000000, Size: 0x000010f4, Max: 0xffffffff, ABSOLUTE)

    Base Addr    Size         Type   Attr      Idx    E Section Name        Object

    0x00000000   0x00000230   Code   RO          179  * RESET               startup.o
    0x00000230   0x00000008   Code   RO          277  * !!!main             c_w.l(__main.o)
    0x00000238   0x00000034   Code   RO          434    !!!scatter          c_w.l(__scatter.o)
    0x0000026c   0x0000001a   Code   RO          436    !!handler_copy      c_w.l(__scatter_copy.o)
    0x00000286   0x00000002   PAD
    0x00000288   0x0000001c   Code   RO          438    !!handler_zi        c_w.l(__scatter_zi.o)
    0x000002a4   0x00000002   Code   RO          304    .ARM.Collect$$libinit$$00000000  c_w.l(libinit.o)
    0x000002a6   0x00000004   Code   RO          310    .ARM.Collect$$libinit$$00000001  c_w.l(libinit2.o)
    0x000002aa   0x00000000   Code   RO          313    .ARM.Collect$$libinit$$00000004  c_w.l(libinit2.o)
    0x000002aa   0x00000000   Code   RO          316    .ARM.Collect$$libinit$$0000000A  c_w.l(libinit2.o)
    0x000002aa   0x00000000   Code   RO          318    .ARM.Collect$$libinit$$0000000C  c_w.l(libinit2.o)
    0x000002aa   0x00000000   Code   RO          320    .ARM.Collect$$libinit$$0000000E  c_w.l(libinit2.o)
    0x000002aa   0x00000000   Code   RO          323    .ARM.Collect$$libinit$$00000011  c_w.l(libinit2.o)
    0x000002aa   0x00000000   Code   RO          325    .ARM.Collect$$libinit$$00000013  c_w.l(libinit2.o)
    0x000002aa   0x00000000   Code   RO          327    .ARM.Collect$$libinit$$00000015  c_w.l(libinit2.o)
    0x000002aa   0x00000000   Code   RO          329    .ARM.Collect$$libinit$$00000017  c_w.l(libinit2.o)
    0x000002aa   0x00000000   Code   RO          331    .ARM.Collect$$libinit$$00000019  c_w.l(libinit2.o)
    0x000002aa   0x00000000   Code   RO          333    .ARM.Collect$$libinit$$0000001B  c_w.l(libinit2.o)
    0x000002aa   0x00000000   Code   RO          335    .ARM.Collect$$libinit$$0000001D  c_w.l(libinit2.o)
    0x000002aa   0x00000000   Code   RO          337    .ARM.Collect$$libinit$$0000001F  c_w.l(libinit2.o)
    0x000002aa   0x00000000   Code   RO          339    .ARM.Collect$$libinit$$00000021  c_w.l(libinit2.o)
    0x000002aa   0x00000000   Code   RO          341    .ARM.Collect$$libinit$$00000023  c_w.l(libinit2.o)
    0x000002aa   0x00000000   Code   RO          343    .ARM.Collect$$libinit$$00000025  c_w.l(libinit2.o)
    0x000002aa   0x00000000   Code   RO          347    .ARM.Collect$$libinit$$0000002C  c_w.l(libinit2.o)
    0x000002aa   0x00000000   Code   RO          349    .ARM.Collect$$libinit$$0000002E  c_w.l(libinit2.o)
    0x000002aa   0x00000000   Code   RO          351    .ARM.Collect$$libinit$$00000030  c_w.l(libinit2.o)
    0x000002aa   0x00000000   Code   RO          353    .ARM.Collect$$libinit$$00000032  c_w.l(libinit2.o)
    0x000002aa   0x00000002   Code   RO          354    .ARM.Collect$$libinit$$00000033  c_w.l(libinit2.o)
    0x000002ac   0x00000002   Code   RO          374    .ARM.Collect$$libshutdown$$00000000  c_w.l(libshutdown.o)
    0x000002ae   0x00000000   Code   RO          387    .ARM.Collect$$libshutdown$$00000002  c_w.l(libshutdown2.o)
    0x000002ae   0x00000000   Code   RO          389    .ARM.Collect$$libshutdown$$00000004  c_w.l(libshutdown2.o)
    0x000002ae   0x00000000   Code   RO          392    .ARM.Collect$$libshutdown$$00000007  c_w.l(libshutdown2.o)
    0x000002ae   0x00000000   Code   RO          395    .ARM.Collect$$libshutdown$$0000000A  c_w.l(libshutdown2.o)
    0x000002ae   0x00000000   Code   RO          397    .ARM.Collect$$libshutdown$$0000000C  c_w.l(libshutdown2.o)
    0x000002ae   0x00000000   Code   RO          400    .ARM.Collect$$libshutdown$$0000000F  c_w.l(libshutdown2.o)
    0x000002ae   0x00000002   Code   RO          401    .ARM.Collect$$libshutdown$$00000010  c_w.l(libshutdown2.o)
    0x000002b0   0x00000000   Code   RO          279    .ARM.Collect$$rtentry$$00000000  c_w.l(__rtentry.o)
    0x000002b0   0x00000000   Code   RO          281    .ARM.Collect$$rtentry$$00000002  c_w.l(__rtentry2.o)
    0x000002b0   0x00000006   Code   RO          293    .ARM.Collect$$rtentry$$00000004  c_w.l(__rtentry4.o)
    0x000002b6   0x00000000   Code   RO          283    .ARM.Collect$$rtentry$$00000009  c_w.l(__rtentry2.o)
    0x000002b6   0x00000004   Code   RO          284    .ARM.Collect$$rtentry$$0000000A  c_w.l(__rtentry2.o)
    0x000002ba   0x00000000   Code   RO          286    .ARM.Collect$$rtentry$$0000000C  c_w.l(__rtentry2.o)
    0x000002ba   0x00000008   Code   RO          287    .ARM.Collect$$rtentry$$0000000D  c_w.l(__rtentry2.o)
    0x000002c2   0x00000002   Code   RO          308    .ARM.Collect$$rtexit$$00000000  c_w.l(rtexit.o)
    0x000002c4   0x00000000   Code   RO          356    .ARM.Collect$$rtexit$$00000002  c_w.l(rtexit2.o)
    0x000002c4   0x00000004   Code   RO          357    .ARM.Collect$$rtexit$$00000003  c_w.l(rtexit2.o)
    0x000002c8   0x00000006   Code   RO          358    .ARM.Collect$$rtexit$$00000004  c_w.l(rtexit2.o)
    0x000002ce   0x00000002   PAD
    0x000002d0   0x00000030   Code   RO          180    .text               startup.o
    0x00000300   0x000001e4   Code   RO          187    .text               utils.o
    0x000004e4   0x00000006   Code   RO          275    .text               c_w.l(heapauxi.o)
    0x000004ea   0x0000004a   Code   RO          295    .text               c_w.l(sys_stackheap_outer.o)
    0x00000534   0x00000012   Code   RO          297    .text               c_w.l(exit.o)
    0x00000546   0x00000002   PAD
    0x00000548   0x00000008   Code   RO          305    .text               c_w.l(libspace.o)
    0x00000550   0x0000000c   Code   RO          366    .text               c_w.l(sys_exit.o)
    0x0000055c   0x00000002   Code   RO          377    .text               c_w.l(use_no_semi.o)
    0x0000055e   0x00000000   Code   RO          379    .text               c_w.l(indicate_semi.o)
    0x0000055e   0x00000002   PAD
    0x00000560   0x00000014   Code   RO           93    i.GPIOPortJ_Handler  main.o
    0x00000574   0x0000016c   Code   RO            1    i.GPIO_Init         gpio.o
    0x000006e0   0x0000003c   Code   RO           94    i.GPIO_Int_Init     main.o
    0x0000071c   0x0000001c   Code   RO           95    i.Timer1A_Handler   main.o
    0x00000738   0x00000028   Code   RO           96    i.Timer2A_Handler   main.o
    0x00000760   0x00000078   Code   RO           97    i.TimerMotor_Int_Init  main.o
    0x000007d8   0x0000006c   Code   RO           98    i.Timer_Int_Init    main.o
    0x00000844   0x00000020   Code   RO           99    i.ativaDesativaInterrupcaoTimer  main.o
    0x00000864   0x0000013c   Code   RO          100    i.awaiting_state    main.o
    0x000009a0   0x0000001c   Code   RO          229    i.check_key_pressed  teclado.o
    0x000009bc   0x00000018   Code   RO          230    i.clear_key_pressed  teclado.o
    0x000009d4   0x00000028   Code   RO          231    i.dig_index         teclado.o
    0x000009fc   0x00000010   Code   RO            2    i.disable_keyboard_columns  gpio.o
    0x00000a0c   0x00000024   Code   RO            3    i.enable_keyboard_columns  gpio.o
    0x00000a30   0x00000068   Code   RO          101    i.end_state         main.o
    0x00000a98   0x0000004e   Code   RO          232    i.keyboard_refresh  teclado.o
    0x00000ae6   0x000000be   Code   RO          193    i.lcd_init          display.o
    0x00000ba4   0x00000014   Code   RO          102    i.led_output        main.o
    0x00000bb8   0x00000054   Code   RO          103    i.main              main.o
    0x00000c0c   0x00000044   Code   RO          104    i.meioPassoMotor    main.o
    0x00000c50   0x00000016   Code   RO          194    i.move_lcd_cursor   display.o
    0x00000c66   0x00000002   PAD
    0x00000c68   0x00000044   Code   RO          105    i.passoCompletoMotor  main.o
    0x00000cac   0x00000018   Code   RO            4    i.portA_Output      gpio.o
    0x00000cc4   0x00000018   Code   RO            5    i.portH_Output      gpio.o
    0x00000cdc   0x00000018   Code   RO            6    i.portK_Input       gpio.o
    0x00000cf4   0x0000001c   Code   RO            7    i.portK_Output      gpio.o
    0x00000d10   0x00000024   Code   RO            8    i.portK_Output_Config  gpio.o
    0x00000d34   0x00000018   Code   RO            9    i.portM_Output      gpio.o
    0x00000d4c   0x00000018   Code   RO           10    i.portN_Output      gpio.o
    0x00000d64   0x00000018   Code   RO           11    i.portP_Output      gpio.o
    0x00000d7c   0x00000018   Code   RO           12    i.portQ_Output      gpio.o
    0x00000d94   0x00000010   Code   RO           13    i.read_lines        gpio.o
    0x00000da4   0x00000080   Code   RO          233    i.refresh_key       teclado.o
    0x00000e24   0x00000020   Code   RO          234    i.reset_keyboard    teclado.o
    0x00000e44   0x00000184   Code   RO          106    i.spin_state        main.o
    0x00000fc8   0x0000007e   Code   RO          195    i.write_lcd         display.o
    0x00001046   0x0000003c   Code   RO          196    i.write_lcd_digit   display.o
    0x00001082   0x00000018   Code   RO          197    i.write_lcd_string  display.o
    0x0000109a   0x0000000a   Code   RO          364    x$fpl$fpinit        fz_wm.l(fpinit.o)
    0x000010a4   0x00000030   Data   RO          107    .constdata          main.o
    0x000010d4   0x00000020   Data   RO          432    Region$$Table       anon$$obj.o


    Execution Region ER_RW (Base: 0x20000000, Size: 0x00000030, Max: 0xffffffff, ABSOLUTE)

    Base Addr    Size         Type   Attr      Idx    E Section Name        Object

    0x20000000   0x00000030   Data   RW          108    .data               main.o


    Execution Region ER_ZI (Base: 0x20000030, Size: 0x000004e0, Max: 0xffffffff, ABSOLUTE)

    Base Addr    Size         Type   Attr      Idx    E Section Name        Object

    0x20000030   0x00000080   Zero   RW          235    .bss                teclado.o
    0x200000b0   0x00000060   Zero   RW          306    .bss                c_w.l(libspace.o)
    0x20000110   0x00000000   Zero   RW          178    HEAP                startup.o
    0x20000110   0x00000400   Zero   RW          177    STACK               startup.o


==============================================================================

Image component sizes


      Code (inc. data)   RO Data    RW Data    ZI Data      Debug   Object Name

       422          0          0          0          0       2798   display.o
       664        150          0          0          0      10831   gpio.o
      1456        322         48         48          0       7890   main.o
       608        532          0          0       1024        984   startup.o
       330         24          0          0        128       4158   teclado.o
       484         92          0          0          0        356   utils.o

    ----------------------------------------------------------------------
      3966       1120         80         48       1152      27017   Object Totals
         0          0         32          0          0          0   (incl. Generated)
         2          0          0          0          0          0   (incl. Padding)

    ----------------------------------------------------------------------

      Code (inc. data)   RO Data    RW Data    ZI Data      Debug   Library Member Name

         8          0          0          0          0         68   __main.o
         0          0          0          0          0          0   __rtentry.o
        12          0          0          0          0          0   __rtentry2.o
         6          0          0          0          0          0   __rtentry4.o
        52          8          0          0          0          0   __scatter.o
        26          0          0          0          0          0   __scatter_copy.o
        28          0          0          0          0          0   __scatter_zi.o
        18          0          0          0          0         80   exit.o
         6          0          0          0          0        152   heapauxi.o
         0          0          0          0          0          0   indicate_semi.o
         2          0          0          0          0          0   libinit.o
         6          0          0          0          0          0   libinit2.o
         2          0          0          0          0          0   libshutdown.o
         2          0          0          0          0          0   libshutdown2.o
         8          4          0          0         96         68   libspace.o
         2          0          0          0          0          0   rtexit.o
        10          0          0          0          0          0   rtexit2.o
        12          4          0          0          0         68   sys_exit.o
        74          0          0          0          0         80   sys_stackheap_outer.o
         2          0          0          0          0         68   use_no_semi.o
        10          0          0          0          0        116   fpinit.o

    ----------------------------------------------------------------------
       294         16          0          0         96        700   Library Totals
         8          0          0          0          0          0   (incl. Padding)

    ----------------------------------------------------------------------

      Code (inc. data)   RO Data    RW Data    ZI Data      Debug   Library Name

       276         16          0          0         96        584   c_w.l
        10          0          0          0          0        116   fz_wm.l

    ----------------------------------------------------------------------
       294         16          0          0         96        700   Library Totals

    ----------------------------------------------------------------------

==============================================================================


      Code (inc. data)   RO Data    RW Data    ZI Data      Debug   

      4260       1136         80         48       1248      24261   Grand Totals
      4260       1136         80         48       1248      24261   ELF Image Totals
      4260       1136         80         48          0          0   ROM Totals

==============================================================================

    Total RO  Size (Code + RO Data)                 4340 (   4.24kB)
    Total RW  Size (RW Data + ZI Data)              1296 (   1.27kB)
    Total ROM Size (Code + RO Data + RW Data)       4388 (   4.29kB)

==============================================================================

